// Jest Snapshot v1, https://goo.gl/fbAQLP

exports[`mq() should join multiple query object media queries into one: phone, hi-dpi 1`] = `
"@media only screen and (min-width: 0em),
     only screen and (-webkit-min-device-pixel-ratio: 1.5),
     only screen and (min--moz-device-pixel-ratio: 1.5),
     only screen and (-o-min-device-pixel-ratio: 1.5/1),
     only screen and (min-resolution: 144dpi),
     only screen and (min-resolution: 1.5dppx)
  {color:var(--blue);}"
`;

exports[`mq() should not create media queries for falsy values: empty string 1`] = `""`;

exports[`mq() should not create media queries for falsy values: phone, hi-dpi 1`] = `"@media only screen and (min-width: 0em){color:var(--blue);}"`;

exports[`mq() should return a media query string w/ two object argument: green 1`] = `"@media only screen and (min-width: 0em){color:green;}"`;

exports[`mq() should return a media query string w/ two object argument: red 1`] = `"@media only screen and (min-width: 0em){color:red;}"`;

exports[`mq() should return a media query string w/ two object argument: var(--blue) 1`] = `"@media only screen and (min-width: 0em){color:var(--blue);}"`;

exports[`mq() should return a style getter when there is a second argument: green 1`] = `"@media only screen and (min-width: 0em){color:green;}"`;

exports[`mq() should return a style getter when there is a second argument: red 1`] = `"@media only screen and (min-width: 0em){color:red;}"`;

exports[`mq() should return a style getter when there is a second argument: var(--blue) 1`] = `"@media only screen and (min-width: 0em){color:var(--blue);}"`;
